stm32l4xx_ll_tim.c:216:13:LL_TIM_DeInit	0	static
stm32l4xx_ll_tim.c:304:6:LL_TIM_StructInit	0	static
stm32l4xx_ll_tim.c:323:13:LL_TIM_Init	8	static
stm32l4xx_ll_tim.c:375:6:LL_TIM_OC_StructInit	0	static
stm32l4xx_ll_tim.c:404:13:LL_TIM_OC_Init	16	static
stm32l4xx_ll_tim.c:442:6:LL_TIM_IC_StructInit	0	static
stm32l4xx_ll_tim.c:465:13:LL_TIM_IC_Init	12	static
stm32l4xx_ll_tim.c:496:6:LL_TIM_ENCODER_StructInit	0	static
stm32l4xx_ll_tim.c:519:13:LL_TIM_ENCODER_Init	20	static
stm32l4xx_ll_tim.c:582:6:LL_TIM_HALLSENSOR_StructInit	0	static
stm32l4xx_ll_tim.c:612:13:LL_TIM_HALLSENSOR_Init	20	static
stm32l4xx_ll_tim.c:691:6:LL_TIM_BDTR_StructInit	0	static
stm32l4xx_ll_tim.c:724:13:LL_TIM_BDTR_Init	8	static
